../Core/Src/main.c:98:5:main	8	static
../Core/Src/main.c:184:6:SystemClock_Config	88	static
../Core/Src/main.c:230:13:MX_USART3_UART_Init	8	static
../Core/Src/main.c:263:13:MX_USB_OTG_FS_PCD_Init	8	static
../Core/Src/main.c:298:13:MX_GPIO_Init	56	static
../Core/Src/main.c:359:6:StartTCPTask	16	static
../Core/Src/main.c:380:6:StartUDPTask	16	static
../Core/Src/main.c:399:6:StartMQTTTask	16	static
../Core/Src/main.c:419:6:HAL_TIM_PeriodElapsedCallback	16	static
../Core/Src/main.c:436:6:Error_Handler	4	static,ignoring_inline_asm
